
Memory Configuration

Name             Origin             Length             Attributes
ram              0x00008000         0x00018000
*default*        0x00000000         0xffffffff

Linker script and memory map

LOAD build/boot.o
LOAD build/gpio.o
LOAD build/main.o
LOAD build/uart.o

.text           0x00008000      0x3c0
 *(.text*)
 .text          0x00008000        0xc build/boot.o
                0x00008000                _start
 .text          0x0000800c       0x4c build/gpio.o
                0x0000800c                convert_pin_to_gpio
                0x0000802c                convert_gpio_to_pin
                0x00008050                mmio_write
 .text          0x00008058        0x0 build/main.o
 .text.startup  0x00008058       0x84 build/main.o
                0x00008058                main
 .text          0x000080dc      0x2e4 build/uart.o
                0x000080dc                wait_for_tx_slot
                0x000080f4                wait_for_uart_idle
                0x0000810c                wait_for_rx_slot
                0x00008124                wait_for_rx_has_char
                0x0000813c                delay
                0x00008170                init_uart
                0x00008244                get_char
                0x00008278                put_char
                0x000082a8                put_string
                0x00008304                get_string

.glue_7         0x000083c0        0x0
 .glue_7        0x00000000        0x0 linker stubs

.glue_7t        0x000083c0        0x0
 .glue_7t       0x00000000        0x0 linker stubs

.vfp11_veneer   0x000083c0        0x0
 .vfp11_veneer  0x00000000        0x0 linker stubs

.v4_bx          0x000083c0        0x0
 .v4_bx         0x00000000        0x0 linker stubs

.iplt           0x000083c0        0x0
 .iplt          0x00000000        0x0 build/boot.o

.bss            0x000083c0        0x0
 *(.bss*)
 .bss           0x000083c0        0x0 build/boot.o
 .bss           0x000083c0        0x0 build/gpio.o
 .bss           0x000083c0        0x0 build/main.o
 .bss           0x000083c0        0x0 build/uart.o

.rodata         0x000083c0       0x18
 *(.rodata*)
 .rodata        0x000083c0       0x14 build/main.o
 .rodata.str1.4
                0x000083d4        0x4 build/main.o
 .rodata.str1.4
                0x00000000        0x4 build/uart.o

.rel.dyn        0x000083d8        0x0
 .rel.iplt      0x00000000        0x0 build/boot.o

.data           0x000083d8       0x44
 *(.data*)
 .data          0x000083d8        0x0 build/boot.o
 .data          0x000083d8       0x44 build/gpio.o
                0x000083d8                pin_to_gpio_array
                0x00008400                gpio_to_pin_array
 .data          0x0000841c        0x0 build/main.o
 .data          0x0000841c        0x0 build/uart.o
OUTPUT(build/output.elf elf32-littlearm)

.igot.plt       0x0000841c        0x0
 .igot.plt      0x00000000        0x0 build/boot.o

.ARM.attributes
                0x00000000       0x33
 .ARM.attributes
                0x00000000       0x14 build/boot.o
 .ARM.attributes
                0x00000014       0x37 build/gpio.o
 .ARM.attributes
                0x0000004b       0x37 build/main.o
 .ARM.attributes
                0x00000082       0x37 build/uart.o

.comment        0x00000000       0x11
 .comment       0x00000000       0x11 build/gpio.o
                                 0x12 (size before relaxing)
 .comment       0x00000000       0x12 build/main.o
 .comment       0x00000000       0x12 build/uart.o
